2026-07-24T15:58:44.6233859Z Formal single-host queue created.
2026-07-24T15:58:44.9651859Z No Python-family process detected; handing control to the 30-second isolation gate.
2026-07-24T15:58:44.9691843Z Starting isolated target: wrapper_runtime_smoke
2026-07-24T15:58:56.3687432Z Isolation wrapper exit for wrapper_runtime_smoke: 0
2026-07-24T15:58:56.5676318Z No Python-family process detected; handing control to the 30-second isolation gate.
2026-07-24T15:58:56.5706290Z Starting isolated target: method_ladder_n10
2026-07-24T16:03:53.5562972Z Isolation wrapper exit for method_ladder_n10: 21
2026-07-24T16:03:53.5692899Z Contaminated output retained as inadmissible evidence; retrying method_ladder_n10 at results\review_method_ladder_n10_local_20260724c_retry1_20260724T160353557Z_08202472.
2026-07-24T16:03:53.8021536Z No Python-family process detected; handing control to the 30-second isolation gate.
2026-07-24T16:03:53.8031535Z Starting isolated target: method_ladder_n10
2026-07-24T16:04:55.7545981Z Isolation wrapper exit for method_ladder_n10: 21
2026-07-24T16:04:55.7555975Z Contaminated output retained as inadmissible evidence; retrying method_ladder_n10 at results\review_method_ladder_n10_local_20260724c_retry2_20260724T160455755Z_8c56423a.
2026-07-24T16:04:55.9665689Z No Python-family process detected; handing control to the 30-second isolation gate.
2026-07-24T16:04:55.9674739Z Starting isolated target: method_ladder_n10
2026-07-24T16:05:23.2249597Z Isolation wrapper exit for method_ladder_n10: 20
2026-07-24T16:05:23.4265644Z Waiting for foreign Python PIDs: 32056
2026-07-24T16:05:28.6119134Z No Python-family process detected; handing control to the 30-second isolation gate.
2026-07-24T16:05:28.6129130Z Starting isolated target: method_ladder_n10
2026-07-24T16:06:05.9878448Z Isolation wrapper exit for method_ladder_n10: 21
2026-07-24T16:06:05.9888457Z Contaminated output retained as inadmissible evidence; retrying method_ladder_n10 at results\review_method_ladder_n10_local_20260724c_retry3_20260724T160605988Z_cad2b783.
2026-07-24T16:06:06.1907527Z No Python-family process detected; handing control to the 30-second isolation gate.
2026-07-24T16:06:06.1917520Z Starting isolated target: method_ladder_n10
2026-07-24T16:06:49.2768511Z Isolation wrapper exit for method_ladder_n10: 21
2026-07-24T16:06:49.2788500Z Contaminated output retained as inadmissible evidence; retrying method_ladder_n10 at results\review_method_ladder_n10_local_20260724c_retry4_20260724T160649277Z_16678b23.
2026-07-24T16:06:49.4597437Z No Python-family process detected; handing control to the 30-second isolation gate.
2026-07-24T16:06:49.4627419Z Starting isolated target: method_ladder_n10
2026-07-24T16:07:34.1514050Z Isolation wrapper exit for method_ladder_n10: 21
2026-07-24T16:07:34.1524046Z Contaminated output retained as inadmissible evidence; retrying method_ladder_n10 at results\review_method_ladder_n10_local_20260724c_retry5_20260724T160734152Z_da9d5d67.
2026-07-24T16:07:34.3442934Z Waiting for foreign Python PIDs: 22884
2026-07-24T16:07:39.5380155Z No Python-family process detected; handing control to the 30-second isolation gate.
2026-07-24T16:07:39.5390148Z Starting isolated target: method_ladder_n10
2026-07-24T16:08:40.1881273Z Isolation wrapper exit for method_ladder_n10: 21
2026-07-24T16:08:40.1891259Z Contaminated output retained as inadmissible evidence; retrying method_ladder_n10 at results\review_method_ladder_n10_local_20260724c_retry6_20260724T160840188Z_7464d068.
2026-07-24T16:08:40.3810139Z Waiting for foreign Python PIDs: 24816
2026-07-24T16:08:45.6181577Z No Python-family process detected; handing control to the 30-second isolation gate.
2026-07-24T16:08:45.6191566Z Starting isolated target: method_ladder_n10
2026-07-24T16:12:14.7414046Z Isolation wrapper exit for method_ladder_n10: 21
2026-07-24T16:12:14.7424043Z Contaminated output retained as inadmissible evidence; retrying method_ladder_n10 at results\review_method_ladder_n10_local_20260724c_retry7_20260724T161214742Z_459de4e1.
2026-07-24T16:12:14.9422875Z No Python-family process detected; handing control to the 30-second isolation gate.
2026-07-24T16:12:14.9432874Z Starting isolated target: method_ladder_n10
2026-07-24T16:12:59.5581381Z Isolation wrapper exit for method_ladder_n10: 21
2026-07-24T16:12:59.5601369Z Contaminated output retained as inadmissible evidence; retrying method_ladder_n10 at results\review_method_ladder_n10_local_20260724c_retry8_20260724T161259559Z_0c8dc179.
2026-07-24T16:12:59.7949986Z Waiting for foreign Python PIDs: 25460
2026-07-24T16:13:04.9981700Z No Python-family process detected; handing control to the 30-second isolation gate.
2026-07-24T16:13:04.9991695Z Starting isolated target: method_ladder_n10
2026-07-24T16:13:15.3636200Z Isolation wrapper exit for method_ladder_n10: 20
2026-07-24T16:13:15.5614328Z Waiting for foreign Python PIDs: 31384
2026-07-24T16:13:20.7825615Z Waiting for foreign Python PIDs: 31384
2026-07-24T16:13:25.9755061Z Waiting for foreign Python PIDs: 31384
2026-07-24T16:13:31.1736100Z Waiting for foreign Python PIDs: 31384
2026-07-24T16:13:36.3687036Z Waiting for foreign Python PIDs: 31384
2026-07-24T16:13:41.5757085Z Waiting for foreign Python PIDs: 31384
2026-07-24T16:13:46.8208535Z Waiting for foreign Python PIDs: 31384
2026-07-24T16:13:52.0169090Z Waiting for foreign Python PIDs: 31384
2026-07-24T16:13:57.2194200Z Waiting for foreign Python PIDs: 31384
2026-07-24T16:14:02.4065125Z Waiting for foreign Python PIDs: 31384
2026-07-24T16:14:07.5785752Z No Python-family process detected; handing control to the 30-second isolation gate.
2026-07-24T16:14:07.5795744Z Starting isolated target: method_ladder_n10
2026-07-24T16:18:18.7575893Z Isolation wrapper exit for method_ladder_n10: 21
2026-07-24T16:18:18.7596403Z Contaminated output retained as inadmissible evidence; retrying method_ladder_n10 at results\review_method_ladder_n10_local_20260724c_retry9_20260724T161818758Z_4ad674da.
2026-07-24T16:18:18.9394828Z No Python-family process detected; handing control to the 30-second isolation gate.
2026-07-24T16:18:18.9404822Z Starting isolated target: method_ladder_n10
2026-07-24T16:19:09.2527237Z Isolation wrapper exit for method_ladder_n10: 21
2026-07-24T16:19:09.2547250Z Contaminated output retained as inadmissible evidence; retrying method_ladder_n10 at results\review_method_ladder_n10_local_20260724c_retry10_20260724T161909253Z_948eb82a.
2026-07-24T16:19:09.4432126Z Waiting for foreign Python PIDs: 28808
2026-07-24T16:19:14.6667158Z Waiting for foreign Python PIDs: 28808
2026-07-24T16:19:19.8693596Z Waiting for foreign Python PIDs: 28808
2026-07-24T16:19:25.0718510Z No Python-family process detected; handing control to the 30-second isolation gate.
2026-07-24T16:19:25.0728498Z Starting isolated target: method_ladder_n10
2026-07-24T16:20:22.1145552Z Isolation wrapper exit for method_ladder_n10: 21
2026-07-24T16:20:22.1155541Z Contaminated output retained as inadmissible evidence; retrying method_ladder_n10 at results\review_method_ladder_n10_local_20260724c_retry11_20260724T162022114Z_9e32d401.
2026-07-24T16:20:22.2984472Z No Python-family process detected; handing control to the 30-second isolation gate.
2026-07-24T16:20:22.2994468Z Starting isolated target: method_ladder_n10
2026-07-24T16:29:29.9063427Z Isolation wrapper exit for method_ladder_n10: 21
2026-07-24T16:29:29.9073984Z Contaminated output retained as inadmissible evidence; retrying method_ladder_n10 at results\review_method_ladder_n10_local_20260724c_retry12_20260724T162929907Z_295a52c8.
2026-07-24T16:29:30.0738172Z No Python-family process detected; handing control to the 30-second isolation gate.
2026-07-24T16:29:30.0748163Z Starting isolated target: method_ladder_n10
2026-07-24T16:29:50.3609577Z Isolation wrapper exit for method_ladder_n10: 20
2026-07-24T16:29:50.5768309Z Waiting for foreign Python PIDs: 31472
2026-07-24T16:29:55.7619023Z No Python-family process detected; handing control to the 30-second isolation gate.
2026-07-24T16:29:55.7629017Z Starting isolated target: method_ladder_n10
2026-07-24T16:30:23.7619209Z Isolation wrapper exit for method_ladder_n10: 20
2026-07-24T16:30:23.9721071Z Waiting for foreign Python PIDs: 17052
2026-07-24T16:30:29.1486154Z No Python-family process detected; handing control to the 30-second isolation gate.
2026-07-24T16:30:29.1496157Z Starting isolated target: method_ladder_n10
2026-07-24T16:30:31.8835227Z Isolation wrapper exit for method_ladder_n10: 20
2026-07-24T16:30:32.0694125Z Waiting for foreign Python PIDs: 25588
2026-07-24T16:30:37.2761216Z No Python-family process detected; handing control to the 30-second isolation gate.
2026-07-24T16:30:37.2761216Z Starting isolated target: method_ladder_n10
2026-07-24T16:31:19.7126764Z Isolation wrapper exit for method_ladder_n10: 21
2026-07-24T16:31:19.7136754Z Contaminated output retained as inadmissible evidence; retrying method_ladder_n10 at results\review_method_ladder_n10_local_20260724c_retry13_20260724T163119712Z_4b4770a9.
2026-07-24T16:31:19.8765802Z No Python-family process detected; handing control to the 30-second isolation gate.
2026-07-24T16:31:19.8775794Z Starting isolated target: method_ladder_n10
2026-07-24T16:31:23.8028317Z Isolation wrapper exit for method_ladder_n10: 20
2026-07-24T16:31:23.9694793Z Waiting for foreign Python PIDs: 20148
2026-07-24T16:31:29.1389064Z No Python-family process detected; handing control to the 30-second isolation gate.
2026-07-24T16:31:29.1399058Z Starting isolated target: method_ladder_n10
2026-07-24T16:32:05.9564097Z Isolation wrapper exit for method_ladder_n10: 21
2026-07-24T16:32:05.9574077Z Contaminated output retained as inadmissible evidence; retrying method_ladder_n10 at results\review_method_ladder_n10_local_20260724c_retry14_20260724T163205957Z_a2f9543e.
2026-07-24T16:32:06.1163145Z No Python-family process detected; handing control to the 30-second isolation gate.
2026-07-24T16:32:06.1173138Z Starting isolated target: method_ladder_n10
2026-07-24T16:32:44.4942971Z Isolation wrapper exit for method_ladder_n10: 21
2026-07-24T16:32:44.4962962Z Contaminated output retained as inadmissible evidence; retrying method_ladder_n10 at results\review_method_ladder_n10_local_20260724c_retry15_20260724T163244495Z_edad5e93.
2026-07-24T16:32:44.7501476Z Waiting for foreign Python PIDs: 12256
2026-07-24T16:32:49.9508065Z Waiting for foreign Python PIDs: 12256
2026-07-24T16:32:55.1259180Z Waiting for foreign Python PIDs: 12256
2026-07-24T16:33:00.2924547Z No Python-family process detected; handing control to the 30-second isolation gate.
2026-07-24T16:33:00.2934534Z Starting isolated target: method_ladder_n10
2026-07-24T16:33:09.2959777Z Isolation wrapper exit for method_ladder_n10: 20
2026-07-24T16:33:09.4817947Z Waiting for foreign Python PIDs: 24792
2026-07-24T16:33:14.6786928Z No Python-family process detected; handing control to the 30-second isolation gate.
2026-07-24T16:33:14.6796929Z Starting isolated target: method_ladder_n10
2026-07-24T16:35:26.6635718Z Isolation wrapper exit for method_ladder_n10: 21
2026-07-24T16:35:26.6655707Z Contaminated output retained as inadmissible evidence; retrying method_ladder_n10 at results\review_method_ladder_n10_local_20260724c_retry16_20260724T163526664Z_a2075a5b.
2026-07-24T16:35:26.8244778Z No Python-family process detected; handing control to the 30-second isolation gate.
2026-07-24T16:35:26.8254764Z Starting isolated target: method_ladder_n10
2026-07-24T16:39:27.2559796Z Isolation wrapper exit for method_ladder_n10: 21
2026-07-24T16:39:27.2579789Z Contaminated output retained as inadmissible evidence; retrying method_ladder_n10 at results\review_method_ladder_n10_local_20260724c_retry17_20260724T163927256Z_e393119e.
2026-07-24T16:39:27.4418703Z No Python-family process detected; handing control to the 30-second isolation gate.
2026-07-24T16:39:27.4418703Z Starting isolated target: method_ladder_n10
